<!DOCTYPE html>
<html lang="ru">

<head>
    <!-- Необходимые Мета-теги всегда на первом месте -->
    <meta charset="utf-8">
    <meta http-equiv="X-UA-Compatible" content="IE=edge">
    <meta name="viewport" content="width=device-width, initial-scale=1">
    <title>Golden</title>

    <!-- Bootstrap & Fontawesome CDN CSS -->
    <link rel="stylesheet" href="libs/css/bootstrap.min.css">
    <link href="libs/css/font-awesome.css" rel="stylesheet">
    <link rel="stylesheet" href="css/style.css">
    <link rel="stylesheet" href="libs/css/pe-icon-7-stroke.css">
    <link rel="stylesheet" href="libs/wow/animate.css">
</head>

<body>
    <!--header-->
    <section class="header" id="Home">
        <div class="menu-top">
            <nav class="navbar navbar-expand-lg navbar-light ">
                <div class="logo">
                    <div class="row ">
                        <img src="./img/Logo-Treehouse.png" alt="">
                    </div>
                </div>
                <!--container -->
                <div class="container">
                    <a class="navbar-brand" href="#"></a>
                    <button class="navbar-toggler" type="button" data-toggle="collapse" data-target="#navbarNav"
                        aria-controls="navbarNav" aria-expanded="false" aria-label="Toggle navigation">
                        <span class="navbar-toggler-icon"></span>
                    </button>
                    <div class="collapse navbar-collapse" id="navbarNav">
                        <ul class="navbar-nav ml-auto">
                            <li class="nav-item">
                                <a class="nav-link" href="#Home"> Home </a>
                            </li>
                            <li class="nav-item">
                                <a class="nav-link" href="#Services"> Services </a>
                            </li>
                            <li class="nav-item">
                                <a class="nav-link" href="#portfolio">portfolio</a>
                            </li>
                            <li class="nav-item">
                                <a class="nav-link" href="#about">about</a>
                            </li>

                            <li class="nav-item">
                                <a class="nav-link" href="#contact">contact</a>
                            </li>
                        </ul>
                    </div>
                </div> <!--  end container -->
            </nav>
        </div>
        <div class="container">
            <div class="col-lg-12">
                <div class="row  justify-content-center ">
                    <div class="text-menu text-center">
                        <h3>Welcome To Our Studio!</h3>
                        <h1>It’s nice to Meet you</h1>
                    </div>
                </div>
                <div class="row justify-content-center">
                    <button class="btn">
                        <p>Tell me more </p>
                    </button>
                </div>
            </div>
        </div>
    </section>
    <!-- end header-->

    <!--services-->
    <section class="services" id="Services">
        <div class="container">
            <div class="row text-center">
                <div class="col-lg-12">
                    <h2>Services</h2>
                    <p>Proin iaculis purus consequat sem cure.</p>
                    <div class="row justify-content-center">
                        <div class="col-lg-4 col-md-4 wow slideInLeft" data-wow-delay="100ms">
                            <i class="fa fa-shopping-basket" aria-hidden="true"></i>
                            <h4>E-Commerce</h4>
                            <p>Proin iaculis purus consequat sem cure <br>
                                digni ssim. Donec porttitora entum suscipit <br>
                                aenean rhoncus posuere odio in tincidunt.</p>
                        </div>
                        <div class="col-lg-4 col-md-4 wow fadeInUp" data-wow-delay="500ms">
                            <i class="fa fa-laptop" aria-hidden="true"></i>
                            <h4>Responsive Web</h4>

                            <p>Proin iaculis purus consequat sem cure <br>
                                digni ssim. Donec porttitora entum suscipit <br>
                                aenean rhoncus posuere odio in tincidunt.</p>
                        </div>
                        <div class="col-lg-4 col-md-4  wow slideInRight" data-wow-delay="900ms">
                            <i class="fa fa-lock" aria-hidden="true"></i>
                            <h4>Web Security</h4>
                            <p>Proin iaculis purus consequat sem cure <br>
                                digni ssim. Donec porttitora entum suscipit <br>
                                aenean rhoncus posuere odio in tincidunt.</p>
                        </div>
                    </div>
                </div>
            </div>
        </div>
    </section>
    <!--end services-->

    <!--portfolio-->
    <section class="portfolio" id="portfolio">
        <div class="container">
            <div class="row text-center">
                <div class="col-lg-12">
                    <h2>Our portfolio</h2>
                    <p>Proin iaculis purus consequat sem cure.</p>
                    <div class="row justify-content-center">
                        <div class="col-lg-4 col-md-4 sss wow fadeInUp" data-wow-delay="100ms ">
                            <div class="our  justify-content-center">
                                <img src="./img/portfolio1.png" alt="">
                                <h4>Ebony & Ivory</h4>
                                <p>Branding</p>
                            </div>
                        </div>
                        <div class="col-lg-4 col-md-4  sss wow fadeInUp" data-wow-delay="300ms">
                            <div class="our">
                                <img src="./img/portfolio2.png" alt="">
                                <h4>Smart Stationary</h4>
                                <p>Print Design</p>
                            </div>
                        </div>

                        <div class="col-lg-4 col-md-4 sss wow fadeInUp" data-wow-delay="600ms ">
                            <div class="our">
                                <img src="./img/portfolio3.png" alt="">
                                <h4>Clever Poster</h4>
                                <p>Print Design</p>
                            </div>
                        </div>
                    </div>
                    <div class="row text-center">
                        <div class="col-lg-4 col-md-4  sss wow fadeInUp" data-wow-delay="900ms">
                            <div class="our ">
                                <img src="./img/portfolio4.png" alt="">
                                <h4>Ebony & Ivory</h4>
                                <p>Branding</p>
                            </div>
                        </div>
                        <div class="col-lg-4 col-md-4 sss wow fadeInUp" data-wow-delay="1100ms">
                            <div class="our">
                                <img src="./img/portfolio5.png" alt="">
                                <h4>Smart Stationary</h4>
                                <p>Print Design</p>
                            </div>
                        </div>
                        <div class="col-lg-4 col-md-4 sss wow fadeInUp" data-wow-delay="1400ms">
                            <div class="ourr">
                                <img src="./img/portfolio6.png" alt="">
                                <h4>Clever Poster</h4>
                                <p>Print Design</p>
                            </div>
                        </div>
                    </div>
                </div>

            </div>
        </div>
    </section>
    <!--end portfolio-->

    <!--about-->
    <section class="about" id="about">
        <div class="container">
            <div class="row text-center">
                <div class="col-lg-12">
                    <h2>about us</h2>
                    <p>Proin iaculis purus consequat sem cure. </p>
                    <div class="row justify-content-center">
                        <div class="col-lg-4 col-md-4 wow fadeInLeft" data-wow-delay="100ms">
                            <h4>July 2010 <br>
                                Our Humble Beginnings</h4>
                            <p>Proin iaculis purus consequat sem cure
                                digni ssim. Donec porttitora entum suscipit
                                aenean rhoncus posuere odio in tincidunt. Proin
                                iaculis purus consequat sem cure digni
                                ssim. Donec porttitora entum suscipit.</p>
                        </div>
                        <div class="col-lg-4 col-md-4 wow fadeInUp" data-wow-delay="300ms">
                            <img src="./img/about1.png" alt="">
                        </div>
                        <div class="col-lg-4 col-md-4"></div>
                    </div>
                    <div class="row justify-content-center">
                        <div class="col-lg-4 col-md-4"></div>
                        <div class="col-lg-4 col-md-4  wow fadeInUp" data-wow-delay="600ms">
                            <img src="./img/about2.png" alt="">
                        </div>
                        <div class="col-lg-4  wow fadeInRight" data-wow-delay="900ms">
                            <h4>July 2010 <br>
                                Our Humble Beginnings</h4>
                            <p>Proin iaculis purus consequat sem cure
                                digni ssim. Donec porttitora entum suscipit
                                aenean rhoncus posuere odio in tincidunt. Proin
                                iaculis purus consequat sem cure digni
                                ssim. Donec porttitora entum suscipit.</p>
                        </div>
                    </div>
                    <div class="row justify-content-center">
                        <div class="col-lg-4 col-md-4  wow fadeInUp" data-wow-delay="1200ms">
                            <h4>July 2016 <br>
                                Our Humble Beginnings</h4>
                            <p>Proin iaculis purus consequat sem cure
                                digni ssim. Donec porttitora entum suscipit
                                aenean rhoncus posuere odio in tincidunt. Proin
                                iaculis purus consequat sem cure digni
                                ssim. Donec porttitora entum suscipit.</p>
                        </div>
                        <div class="col-lg-4 col-md-4 wow fadeInLeft" data-wow-delay="1400ms">
                            <img src="./img/about3png.png" alt="">
                        </div>
                        <div class="col-lg-4"></div>
                    </div>
                    <div class="row justify-content-center">
                        <div class="col-lg-4 col-md-4"></div>
                        <div class="col-lg-4 col-md-4 wow fadeInUp" data-wow-delay="1600ms">
                            <img src="./img/about4.png" alt="">
                        </div>
                        <div class="col-lg-4 col-md-4 wow fadeInRight" data-wow-delay="1800ms">
                            <h4>July 2018 <br>
                                Our Humble Beginnings</h4>
                            <p>Proin iaculis purus consequat sem cure
                                digni ssim. Donec porttitora entum suscipit
                                aenean rhoncus posuere odio in tincidunt. Proin
                                iaculis purus consequat sem cure digni
                                ssim. Donec porttitora entum suscipit.</p>
                        </div>
                    </div>
                    <div class="row justify-content-center">
                        <div class="col-lg-4 col-md-4"></div>
                        <div class="col-lg-4 col-md-4 wow fadeInUp" data-wow-delay="2000ms">
                            <img src="./img/Our Story Continues.png" alt="">
                        </div>
                        <div class="col-lg-4 col-md-4"></div>
                    </div>
                </div>
            </div>
        </div>
    </section>
    <!--end about-->

    <!--team-->
    <section class="team">
        <div class="container">
            <div class="row text-center">
                <div class="col-lg-12">
                    <h2>our amazing team</h2>
                    <p>Proin iaculis purus consequat sem cure. </p>
                    <div class="row justify-content-center">
                        <div class="col-lg-4 col-md-4 wow fadeInUp" data-wow-delay="100ms">
                            <img src="./img/our.png" alt="">
                            <h4>Kimberly Thompson</h4>
                            <p>Marketer</p>
                            <i class="fa fa-twitter" aria-hidden="true"></i>
                            <i class="fa fa-facebook" aria-hidden="true"></i>
                            <i class="fa fa-google" aria-hidden="true"></i>
                        </div>
                        <div class="col-lg-4 col-md-4 wow fadeInUp" data-wow-delay="300ms">
                            <img src="./img/our.png" alt="">
                            <h4>Rico Massimo</h4>
                            <p>Coder</p>
                            <i class="fa fa-twitter" aria-hidden="true"></i>
                            <i class="fa fa-facebook" aria-hidden="true"></i>
                            <i class="fa fa-google-plus" aria-hidden="true"></i>
                        </div>
                        <div class="col-lg-4 col-md-4 wow fadeInUp" data-wow-delay="600ms">
                            <img src="./img/our.png" alt="">
                            <h4>Uku Mason </h4>
                            <p>Graphic Designer </p>
                            <i class="fa fa-twitter" aria-hidden="true"></i>
                            <i class="fa fa-facebook" aria-hidden="true"></i>
                            <i class="fa fa-telegram" aria-hidden="true"></i>
                        </div>
                    </div>
                    <div class="our-end">
                        <p>Proin iaculis purus consequat sem cure digni ssim donec porttitora entum suscipit <br>
                            aenean rhoncus posuere odio in tincidunt proin iaculis.</p>
                    </div>
                </div>
            </div>
        </div>
    </section>
    <!-- endteam-->

    <!--info -->
    <section class="info">
        <div class="container">
            <div class="col-lg-12">
                <div class="row justify-content-center">
                    <div class="col-lg-3 col-md-6 text-center wow fadeInUp" data-wow-delay="100ms">
                        <img src="./img/Envato.png" alt="">
                    </div>
                    <div class="col-lg-3 col-md-6 text-center wow fadeInUp" data-wow-delay="300ms">
                        <img src="./img/WordPress.png" alt="">
                    </div>

                    <div class="col-lg-3 col-md-6 text-center wow fadeInUp" data-wow-delay="600ms">
                        <img src="./img/Tuts+.png" alt="">
                    </div>
                    <div class="col-lg-3 col-md-6 text-center wow fadeInUp" data-wow-delay="900ms">
                        <img src="./img/Microlancer copy.png" alt="">
                    </div>
                </div>
            </div>
        </div>
    </section>
    <!--end info -->
    
    <!--contact -->
    <section class="contact" id="contact">
        <div class="container">
            <div class="row text-center">
                <div class="col-lg-12">
                    <h2>Contact us</h2>
                    <p>Proin iaculis purus consequat sem cure. </p>
                    <div class="row justify-content-center">
                        <div class="col-lg-6 col-md-6"></div>
                        <div class="col-lg-6 col-md-6">
                            <div class="bg-map">
                                <img src="./img/Map Image.png" alt="">
                            </div>
                        </div>
                    </div>
                    <div class="row justify-content-center">
                        <div class="col-lg-6 col-md-6 wow fadeInLeft" data-wow-delay="100ms">
                            <div class="form">
                                <form action="">
                                    <div class="row justify-content-center">
                                        <input type="text" class="form-control" placeholder="your name* ">
                                        <input type="text" class="form-control" placeholder="your e-mail*">
                                        <input type="text" class="form-control" placeholder="subject*">
                                    </div>
                                </form>
                            </div>
                        </div>
                        <div class="col-lg-6 col-md-6 wow fadeInRight" data-wow-delay="900ms">
                            <div class="mes">
                                <div class="form">
                                    <form action="">
                                        <div class="row justify-content-center">
                                            <input type="text" class="form-control" placeholder="your message* ">
                                        </div>
                                    </form>
                                </div>
                            </div>
                        </div>
                    </div>
                    <div class="row justify-content-center wow fadeInUp" data-wow-delay="1500ms">
                        <button class="btn text-center">
                            <p>Tell me more </p>
                        </button>
                    </div>
                </div>

            </div>
        </div>
        </div>
    </section>
    <!--end contact -->

    <!--footer -->
    <section class="footer">
        <div class="container">
            <div class="col-lg-12">
                <div class="row justify-content-center">
                    <div class="col-lg-5 col-md-6 col-sm-12">
                        <p>© Copyright 2014 FreebiesXpress.com</p>
                    </div>
                    <div class="col-lg-7 col-md-6 col-sm-12">
                        <div class="icon">
                            <i class="fa fa-twitter" aria-hidden="true"></i>
                            <i class="fa fa-facebook" aria-hidden="true"></i>
                            <i class="fa fa-instagram" aria-hidden="true"></i>
                            <i class="fa fa-google-plus" aria-hidden="true"></i>
                        </div>
                    </div>
                </div>
            </div>
        </div>
    </section>
    <!--end footer -->

    <!--//scroll -->
    <a id="scrollUp" href="#top" style="position: fixed; z-index: 2147483647;"></a>

    <!--//scripts -->

    <script src="libs/js/jquery.min.js"></script>
    <script src="layout/scripts/jquery.mobilemenu.js"></script>
    <script src="libs/js/popper.js"></script>
    <script src="libs/js/bootstrap.js"></script>
    <script src="js/script.js"></script>
    <script src="libs/wow/wow.min.js"></script>
    <script src="libs/js/jquery.scrollUp.min.js"></script>

</body>

</html>